LICENSE: OK
bodyplan/bodyplan.go: OK
bodyplan/bodyplan_test.go: OK
bodyplan/constant_input_test.go: OK
bridge.go: OK
internal/modelfile/open_other.go: OK
internal/modelfile/open_unix.go: OK
internal/modelfile/read.go: OK
internal/modelfile/read_test.go: OK
internal/modelfile/read_unix_test.go: OK
internal/strictjson/decode.go: OK
internal/strictjson/decode_test.go: OK
ir.go: OK
ir_test.go: OK
jointdecision/input.go: OK
jointdecision/input_test.go: OK
jointdecision/load.go: OK
jointdecision/model.go: OK
jointdecision/model_test.go: OK
jointdecision/shared_compact.go: OK
jointdecision/shared_load.go: OK
jointdecision/shared_model.go: OK
jointdecision/shared_test.go: OK
jointdecision/three_arithmetic_test.go: OK
jointdecision/three_bag_input.go: OK
jointdecision/three_bag_test.go: OK
jointdecision/three_input.go: OK
jointdecision/three_model.go: OK
jointdecision/three_separate.go: OK
jointdecision/three_separate_test.go: OK
jointdecision/three_test.go: OK
model.go: OK
model_test.go: OK
path_features_test.go: OK
path_model_test.go: OK
pathplan/diagnosis.go: OK
pathplan/diagnosis_test.go: OK
pathplan/feedback.go: OK
pathplan/feedback_batches.go: OK
pathplan/feedback_batches_test.go: OK
pathplan/feedback_test.go: OK
pathplan/joint.go: OK
pathplan/joint_batches.go: OK
pathplan/joint_feedback.go: OK
pathplan/joint_test.go: OK
pathplan/pathplan.go: OK
pathplan/pathplan_test.go: OK
pathplan/prepared.go: OK
pathplan/prepared_test.go: OK
pathplan/search.go: OK
pathplan/search_test.go: OK
pathplan/session.go: OK
pathplan/session_test.go: OK
pathplan/shared_three_test.go: OK
pathplan/source_features.go: OK
pathplan/source_features_test.go: OK
pathplan/three.go: OK
pathplan/three_arithmetic_test.go: OK
pathplan/three_batches.go: OK
pathplan/three_bounds_test.go: OK
pathplan/three_feedback.go: OK
pathplan/three_test.go: OK
semantic_bag_features.go: OK
semantic_bag_features_test.go: OK
semantic_features.go: OK
semantic_features_test.go: OK
split_features.go: OK
split_features_test.go: OK
testdata/split-context-features-parity.json: OK
